// Vitest Snapshot v1, https://vitest.dev/guide/snapshot.html

exports[`Literals (async) > Numeric Literals > should throw when the expression contains an invalid numeric literal 1`] = `[SyntaxError: Unexpected token (1:16)]`;

exports[`Literals (async) > Numeric Literals > should throw when the expression contains an invalid numeric literal 2`] = `[SyntaxError: Invalid number (1:13)]`;

exports[`Literals (async) > Numeric Literals > should throw when the expression contains an invalid numeric literal 3`] = `[SyntaxError: Invalid number (1:13)]`;

exports[`Literals (async) > Numeric Literals > should throw when the expression contains an invalid numeric literal 4`] = `[SyntaxError: Invalid number (1:13)]`;

exports[`Literals (async) > Numeric Literals > should throw when the expression contains an invalid numeric literal 5`] = `[SyntaxError: Invalid number (1:13)]`;

exports[`Literals (async) > Numeric Literals > should throw when the expression contains an invalid numeric literal 6`] = `[SyntaxError: Invalid number (1:13)]`;

exports[`Literals (async) > Numeric Literals > should throw when the expression contains an invalid numeric literal 7`] = `[SyntaxError: Invalid number (1:13)]`;

exports[`Literals (async) > Numeric Literals > should throw when the expression contains an invalid numeric literal 8`] = `[SyntaxError: Invalid number (1:13)]`;

exports[`Literals (async) > Numeric Literals > should throw when the expression contains an invalid numeric literal 9`] = `[SyntaxError: Identifier directly after number (1:14)]`;

exports[`Literals (async) > Object Literals > should throw when the object literal is missing a colon 1`] = `[SyntaxError: Unexpected token (1:17)]`;

exports[`Literals (async) > Object Literals > should throw when the object literal is missing a curly brace 1`] = `[SyntaxError: Unexpected token (1:25)]`;

exports[`Literals (async) > Object Literals > should throw when the object literal is missing a curly brace 2`] = `[SyntaxError: Unexpected token (1:14)]`;

exports[`Literals (async) > Object Literals > should throw when the object literal is missing a key 1`] = `[SyntaxError: Unexpected token (1:15)]`;

exports[`Literals (async) > Object Literals > should throw when the object literal is missing a value 1`] = `[SyntaxError: Unexpected token (1:18)]`;

exports[`Literals (async) > Object Literals > should throw when using a getter 1`] = `[Error: Only assignment properties are allowed]`;

exports[`Literals (async) > Object Literals > should throw when using a method 1`] = `[Error: Unsupported node type: FunctionExpression]`;

exports[`Literals (async) > Object Literals > should throw when using a setter 1`] = `[SyntaxError: setter should have exactly one param (1:20)]`;

exports[`Literals (async) > String Literals > should throw when the string literal contains an invalid escape sequence 1`] = `[SyntaxError: Bad character escape sequence (1:16)]`;

exports[`Literals (async) > String Literals > should throw when the string literal contains an invalid escape sequence 2`] = `[SyntaxError: Bad character escape sequence (1:16)]`;

exports[`Literals (async) > String Literals > should throw when the string literal contains an invalid escape sequence 3`] = `[SyntaxError: Bad character escape sequence (1:17)]`;

exports[`Literals (async) > String Literals > should throw when the string literal contains an invalid escape sequence 4`] = `[SyntaxError: Bad character escape sequence (1:17)]`;

exports[`Literals (async) > String Literals > should throw when the string literal contains an unexpected line break 1`] = `[SyntaxError: Unterminated string constant (1:13)]`;

exports[`Literals (async) > String Literals > should throw when the string literal contains an unexpected line break 2`] = `[SyntaxError: Unterminated string constant (1:13)]`;

exports[`Literals (async) > String Literals > should throw when the string literal contains an unexpected line break 3`] = `[SyntaxError: Unterminated string constant (1:13)]`;

exports[`Literals (async) > String Literals > should throw when the string literal contains an unexpected line break 4`] = `[SyntaxError: Unterminated string constant (1:13)]`;

exports[`Literals (async) > String Literals > should throw when the string literal contains an unexpected line break 5`] = `[SyntaxError: Unterminated string constant (1:13)]`;

exports[`Literals (async) > String Literals > should throw when the string literal contains an unexpected line break 6`] = `[SyntaxError: Unterminated string constant (1:13)]`;

exports[`Literals (async) > String Literals > should throw when the string literal is missing a quote 1`] = `[SyntaxError: Unterminated string constant (1:13)]`;

exports[`Literals (async) > String Literals > should throw when the string literal is missing a quote 2`] = `[SyntaxError: Unterminated string constant (1:14)]`;

exports[`Literals (async) > String Literals > should throw when the string literal is missing a quote 3`] = `[SyntaxError: Unterminated string constant (1:13)]`;

exports[`Literals (async) > String Literals > should throw when the string literal is missing a quote 4`] = `[SyntaxError: Unterminated string constant (1:14)]`;

exports[`Literals (async) > Template Literals > should throw when the string literal contains an invalid escape sequence 1`] = `[SyntaxError: Bad escape sequence in untagged template literal (1:14)]`;

exports[`Literals (async) > Template Literals > should throw when the string literal contains an invalid escape sequence 2`] = `[SyntaxError: Bad escape sequence in untagged template literal (1:14)]`;

exports[`Literals (async) > Template Literals > should throw when the string literal contains an invalid escape sequence 3`] = `[SyntaxError: Bad escape sequence in untagged template literal (1:14)]`;

exports[`Literals (async) > Template Literals > should throw when the string literal contains an invalid escape sequence 4`] = `[SyntaxError: Bad escape sequence in untagged template literal (1:14)]`;

exports[`Literals (async) > Template Literals > should throw when the template literal is missing a backtick 1`] = `[SyntaxError: Unterminated template (1:14)]`;

exports[`Literals (async) > Template Literals > should throw when the template literal is missing a backtick 2`] = `[SyntaxError: Unterminated template (1:15)]`;

exports[`Literals > Numeric Literals > should throw when the expression contains an invalid numeric literal 1`] = `[SyntaxError: Unexpected token (1:10)]`;

exports[`Literals > Numeric Literals > should throw when the expression contains an invalid numeric literal 2`] = `[SyntaxError: Invalid number (1:7)]`;

exports[`Literals > Numeric Literals > should throw when the expression contains an invalid numeric literal 3`] = `[SyntaxError: Invalid number (1:7)]`;

exports[`Literals > Numeric Literals > should throw when the expression contains an invalid numeric literal 4`] = `[SyntaxError: Invalid number (1:7)]`;

exports[`Literals > Numeric Literals > should throw when the expression contains an invalid numeric literal 5`] = `[SyntaxError: Invalid number (1:7)]`;

exports[`Literals > Numeric Literals > should throw when the expression contains an invalid numeric literal 6`] = `[SyntaxError: Invalid number (1:7)]`;

exports[`Literals > Numeric Literals > should throw when the expression contains an invalid numeric literal 7`] = `[SyntaxError: Invalid number (1:7)]`;

exports[`Literals > Numeric Literals > should throw when the expression contains an invalid numeric literal 8`] = `[SyntaxError: Invalid number (1:7)]`;

exports[`Literals > Numeric Literals > should throw when the expression contains an invalid numeric literal 9`] = `[SyntaxError: Identifier directly after number (1:8)]`;

exports[`Literals > Object Literals > should throw when the object literal is missing a colon 1`] = `[SyntaxError: Unexpected token (1:11)]`;

exports[`Literals > Object Literals > should throw when the object literal is missing a curly brace 1`] = `[SyntaxError: Unexpected token (1:19)]`;

exports[`Literals > Object Literals > should throw when the object literal is missing a curly brace 2`] = `[SyntaxError: Unexpected token (1:8)]`;

exports[`Literals > Object Literals > should throw when the object literal is missing a key 1`] = `[SyntaxError: Unexpected token (1:9)]`;

exports[`Literals > Object Literals > should throw when the object literal is missing a value 1`] = `[SyntaxError: Unexpected token (1:12)]`;

exports[`Literals > Object Literals > should throw when using a getter 1`] = `[Error: Only assignment properties are allowed]`;

exports[`Literals > Object Literals > should throw when using a method 1`] = `[Error: Unsupported node type: FunctionExpression]`;

exports[`Literals > Object Literals > should throw when using a setter 1`] = `[SyntaxError: setter should have exactly one param (1:14)]`;

exports[`Literals > String Literals > should throw when the string literal contains an invalid escape sequence 1`] = `[SyntaxError: Bad character escape sequence (1:10)]`;

exports[`Literals > String Literals > should throw when the string literal contains an invalid escape sequence 2`] = `[SyntaxError: Bad character escape sequence (1:10)]`;

exports[`Literals > String Literals > should throw when the string literal contains an invalid escape sequence 3`] = `[SyntaxError: Bad character escape sequence (1:11)]`;

exports[`Literals > String Literals > should throw when the string literal contains an invalid escape sequence 4`] = `[SyntaxError: Bad character escape sequence (1:11)]`;

exports[`Literals > String Literals > should throw when the string literal contains an unexpected line break 1`] = `[SyntaxError: Unterminated string constant (1:7)]`;

exports[`Literals > String Literals > should throw when the string literal contains an unexpected line break 2`] = `[SyntaxError: Unterminated string constant (1:7)]`;

exports[`Literals > String Literals > should throw when the string literal contains an unexpected line break 3`] = `[SyntaxError: Unterminated string constant (1:7)]`;

exports[`Literals > String Literals > should throw when the string literal contains an unexpected line break 4`] = `[SyntaxError: Unterminated string constant (1:7)]`;

exports[`Literals > String Literals > should throw when the string literal contains an unexpected line break 5`] = `[SyntaxError: Unterminated string constant (1:7)]`;

exports[`Literals > String Literals > should throw when the string literal contains an unexpected line break 6`] = `[SyntaxError: Unterminated string constant (1:7)]`;

exports[`Literals > String Literals > should throw when the string literal is missing a quote 1`] = `[SyntaxError: Unterminated string constant (1:7)]`;

exports[`Literals > String Literals > should throw when the string literal is missing a quote 2`] = `[SyntaxError: Unterminated string constant (1:8)]`;

exports[`Literals > String Literals > should throw when the string literal is missing a quote 3`] = `[SyntaxError: Unterminated string constant (1:7)]`;

exports[`Literals > String Literals > should throw when the string literal is missing a quote 4`] = `[SyntaxError: Unterminated string constant (1:8)]`;

exports[`Literals > Template Literals > should throw when the string literal contains an invalid escape sequence 1`] = `[SyntaxError: Bad escape sequence in untagged template literal (1:8)]`;

exports[`Literals > Template Literals > should throw when the string literal contains an invalid escape sequence 2`] = `[SyntaxError: Bad escape sequence in untagged template literal (1:8)]`;

exports[`Literals > Template Literals > should throw when the string literal contains an invalid escape sequence 3`] = `[SyntaxError: Bad escape sequence in untagged template literal (1:8)]`;

exports[`Literals > Template Literals > should throw when the string literal contains an invalid escape sequence 4`] = `[SyntaxError: Bad escape sequence in untagged template literal (1:8)]`;

exports[`Literals > Template Literals > should throw when the template literal is missing a backtick 1`] = `[SyntaxError: Unterminated template (1:8)]`;

exports[`Literals > Template Literals > should throw when the template literal is missing a backtick 2`] = `[SyntaxError: Unterminated template (1:9)]`;
