// Vitest Snapshot v1, https://vitest.dev/guide/snapshot.html

exports[`Operators (async) > ?: (Conditional/Ternary) > should throw when the expression is missing an operand 1`] = `[SyntaxError: Unexpected token (1:16)]`;

exports[`Operators (async) > Binary Operators > != (Inequality) > should throw when the expression is missing an operand 1`] = `[SyntaxError: Unexpected token (1:17)]`;

exports[`Operators (async) > Binary Operators > !== (Non-identity) > should throw when the expression is missing an operand 1`] = `[SyntaxError: Unexpected token (1:18)]`;

exports[`Operators (async) > Binary Operators > % (Modulo) > should throw when the expression is missing an operand 1`] = `[SyntaxError: Unexpected token (1:16)]`;

exports[`Operators (async) > Binary Operators > & (Bitwise AND) > should throw when the expression is missing an operand 1`] = `[SyntaxError: Unexpected token (1:16)]`;

exports[`Operators (async) > Binary Operators > * (Multiplication) > should throw when the expression is missing an operand 1`] = `[SyntaxError: Unexpected token (1:16)]`;

exports[`Operators (async) > Binary Operators > ** (Exponential) > should throw when the expression is missing an operand 1`] = `[SyntaxError: Unexpected token (1:17)]`;

exports[`Operators (async) > Binary Operators > + (Addition) > should throw when the expression is missing an operand 1`] = `[SyntaxError: Unexpected token (1:16)]`;

exports[`Operators (async) > Binary Operators > ++, -- (Increment, Decrement) > should throw an error 1`] = `[Error: Unsupported node type: UpdateExpression]`;

exports[`Operators (async) > Binary Operators > ++, -- (Increment, Decrement) > should throw an error 2`] = `[Error: Unsupported node type: UpdateExpression]`;

exports[`Operators (async) > Binary Operators > ++, -- (Increment, Decrement) > should throw an error 3`] = `[Error: Unsupported node type: UpdateExpression]`;

exports[`Operators (async) > Binary Operators > ++, -- (Increment, Decrement) > should throw an error 4`] = `[Error: Unsupported node type: UpdateExpression]`;

exports[`Operators (async) > Binary Operators > ++, -- (Increment, Decrement) > should throw when the expression is missing an operand 1`] = `[SyntaxError: Unexpected token (1:15)]`;

exports[`Operators (async) > Binary Operators > ++, -- (Increment, Decrement) > should throw when the expression is missing an operand 2`] = `[SyntaxError: Unexpected token (1:15)]`;

exports[`Operators (async) > Binary Operators > / (Division) > should throw when the expression is missing an operand 1`] = `[SyntaxError: Unexpected token (1:16)]`;

exports[`Operators (async) > Binary Operators > < (Less than) > should throw when the expression is missing an operand 1`] = `[SyntaxError: Unexpected token (1:16)]`;

exports[`Operators (async) > Binary Operators > << (Bitwise Left Shift) > should throw when the expression is missing an operand 1`] = `[SyntaxError: Unexpected token (1:17)]`;

exports[`Operators (async) > Binary Operators > <= (Less than or equal to) > should throw when the expression is missing an operand 1`] = `[SyntaxError: Unexpected token (1:17)]`;

exports[`Operators (async) > Binary Operators > =, +=, -=, ... (Assignment) > should throw an error 1`] = `[Error: Unsupported node type: AssignmentExpression]`;

exports[`Operators (async) > Binary Operators > =, +=, -=, ... (Assignment) > should throw an error 2`] = `[Error: Unsupported node type: AssignmentExpression]`;

exports[`Operators (async) > Binary Operators > =, +=, -=, ... (Assignment) > should throw an error 3`] = `[Error: Unsupported node type: AssignmentExpression]`;

exports[`Operators (async) > Binary Operators > =, +=, -=, ... (Assignment) > should throw an error 4`] = `[Error: Unsupported node type: AssignmentExpression]`;

exports[`Operators (async) > Binary Operators > =, +=, -=, ... (Assignment) > should throw an error 5`] = `[Error: Unsupported node type: AssignmentExpression]`;

exports[`Operators (async) > Binary Operators > =, +=, -=, ... (Assignment) > should throw an error 6`] = `[Error: Unsupported node type: AssignmentExpression]`;

exports[`Operators (async) > Binary Operators > =, +=, -=, ... (Assignment) > should throw an error 7`] = `[Error: Unsupported node type: AssignmentExpression]`;

exports[`Operators (async) > Binary Operators > =, +=, -=, ... (Assignment) > should throw an error 8`] = `[Error: Unsupported node type: AssignmentExpression]`;

exports[`Operators (async) > Binary Operators > =, +=, -=, ... (Assignment) > should throw an error 9`] = `[Error: Unsupported node type: AssignmentExpression]`;

exports[`Operators (async) > Binary Operators > =, +=, -=, ... (Assignment) > should throw an error 10`] = `[Error: Unsupported node type: AssignmentExpression]`;

exports[`Operators (async) > Binary Operators > =, +=, -=, ... (Assignment) > should throw an error 11`] = `[Error: Unsupported node type: AssignmentExpression]`;

exports[`Operators (async) > Binary Operators > =, +=, -=, ... (Assignment) > should throw an error 12`] = `[Error: Unsupported node type: AssignmentExpression]`;

exports[`Operators (async) > Binary Operators > =, +=, -=, ... (Assignment) > should throw an error 13`] = `[Error: Unsupported node type: AssignmentExpression]`;

exports[`Operators (async) > Binary Operators > =, +=, -=, ... (Assignment) > should throw an error 14`] = `[Error: Unsupported node type: AssignmentExpression]`;

exports[`Operators (async) > Binary Operators > =, +=, -=, ... (Assignment) > should throw an error 15`] = `[Error: Unsupported node type: AssignmentExpression]`;

exports[`Operators (async) > Binary Operators > =, +=, -=, ... (Assignment) > should throw an error 16`] = `[Error: Unsupported node type: AssignmentExpression]`;

exports[`Operators (async) > Binary Operators > =, +=, -=, ... (Assignment) > should throw an error 17`] = `[Error: Unsupported node type: UpdateExpression]`;

exports[`Operators (async) > Binary Operators > =, +=, -=, ... (Assignment) > should throw an error 18`] = `[Error: Unsupported node type: UpdateExpression]`;

exports[`Operators (async) > Binary Operators > =, +=, -=, ... (Assignment) > should throw an error 19`] = `[Error: Unsupported node type: UpdateExpression]`;

exports[`Operators (async) > Binary Operators > =, +=, -=, ... (Assignment) > should throw an error 20`] = `[Error: Unsupported node type: UpdateExpression]`;

exports[`Operators (async) > Binary Operators > =, +=, -=, ... (Assignment) > should throw when the expression is missing an operand 1`] = `[SyntaxError: Unexpected token (1:16)]`;

exports[`Operators (async) > Binary Operators > =, +=, -=, ... (Assignment) > should throw when the expression is missing an operand 2`] = `[SyntaxError: Unexpected token (1:17)]`;

exports[`Operators (async) > Binary Operators > =, +=, -=, ... (Assignment) > should throw when the expression is missing an operand 3`] = `[SyntaxError: Unexpected token (1:17)]`;

exports[`Operators (async) > Binary Operators > =, +=, -=, ... (Assignment) > should throw when the expression is missing an operand 4`] = `[SyntaxError: Unexpected token (1:17)]`;

exports[`Operators (async) > Binary Operators > =, +=, -=, ... (Assignment) > should throw when the expression is missing an operand 5`] = `[SyntaxError: Unexpected token (1:17)]`;

exports[`Operators (async) > Binary Operators > =, +=, -=, ... (Assignment) > should throw when the expression is missing an operand 6`] = `[SyntaxError: Unexpected token (1:17)]`;

exports[`Operators (async) > Binary Operators > =, +=, -=, ... (Assignment) > should throw when the expression is missing an operand 7`] = `[SyntaxError: Unexpected token (1:18)]`;

exports[`Operators (async) > Binary Operators > =, +=, -=, ... (Assignment) > should throw when the expression is missing an operand 8`] = `[SyntaxError: Unexpected token (1:18)]`;

exports[`Operators (async) > Binary Operators > =, +=, -=, ... (Assignment) > should throw when the expression is missing an operand 9`] = `[SyntaxError: Unexpected token (1:18)]`;

exports[`Operators (async) > Binary Operators > =, +=, -=, ... (Assignment) > should throw when the expression is missing an operand 10`] = `[SyntaxError: Unexpected token (1:19)]`;

exports[`Operators (async) > Binary Operators > =, +=, -=, ... (Assignment) > should throw when the expression is missing an operand 11`] = `[SyntaxError: Unexpected token (1:17)]`;

exports[`Operators (async) > Binary Operators > =, +=, -=, ... (Assignment) > should throw when the expression is missing an operand 12`] = `[SyntaxError: Unexpected token (1:17)]`;

exports[`Operators (async) > Binary Operators > =, +=, -=, ... (Assignment) > should throw when the expression is missing an operand 13`] = `[SyntaxError: Unexpected token (1:17)]`;

exports[`Operators (async) > Binary Operators > =, +=, -=, ... (Assignment) > should throw when the expression is missing an operand 14`] = `[SyntaxError: Unexpected token (1:18)]`;

exports[`Operators (async) > Binary Operators > =, +=, -=, ... (Assignment) > should throw when the expression is missing an operand 15`] = `[SyntaxError: Unexpected token (1:18)]`;

exports[`Operators (async) > Binary Operators > =, +=, -=, ... (Assignment) > should throw when the expression is missing an operand 16`] = `[SyntaxError: Unexpected token (1:18)]`;

exports[`Operators (async) > Binary Operators > =, +=, -=, ... (Assignment) > should throw when the expression is missing an operand 17`] = `[SyntaxError: Unexpected token (1:15)]`;

exports[`Operators (async) > Binary Operators > =, +=, -=, ... (Assignment) > should throw when the expression is missing an operand 18`] = `[SyntaxError: Unexpected token (1:15)]`;

exports[`Operators (async) > Binary Operators > == (Equality) > should throw when the expression is missing an operand 1`] = `[SyntaxError: Unexpected token (1:17)]`;

exports[`Operators (async) > Binary Operators > === (Identity) > should throw when the expression is missing an operand 1`] = `[SyntaxError: Unexpected token (1:18)]`;

exports[`Operators (async) > Binary Operators > > (Greater than) > should throw when the expression is missing an operand 1`] = `[SyntaxError: Unexpected token (1:16)]`;

exports[`Operators (async) > Binary Operators > >= (Greater than or equal to) > should throw when the expression is missing an operand 1`] = `[SyntaxError: Unexpected token (1:17)]`;

exports[`Operators (async) > Binary Operators > >> (Bitwise Right Shift) > should throw when the expression is missing an operand 1`] = `[SyntaxError: Unexpected token (1:17)]`;

exports[`Operators (async) > Binary Operators > >>> (Bitwise Unsigned Right Shift) > should throw when the expression is missing an operand 1`] = `[SyntaxError: Unexpected token (1:18)]`;

exports[`Operators (async) > Binary Operators > ^ (Bitwise XOR) > should throw when the expression is missing an operand 1`] = `[SyntaxError: Unexpected token (1:16)]`;

exports[`Operators (async) > Binary Operators > | (Bitwise OR) > should throw when the expression is missing an operand 1`] = `[SyntaxError: Unexpected token (1:16)]`;

exports[`Operators (async) > Binary Operators > - (Subtraction) > should throw when the expression is missing an operand 1`] = `[SyntaxError: Unexpected token (1:16)]`;

exports[`Operators (async) > Binary Operators > in (Property Membership) > should throw when the expression is missing an operand 1`] = `[SyntaxError: Unexpected token (1:17)]`;

exports[`Operators (async) > Binary Operators > in (Property Membership) > should throw when the expression is missing an operand 2`] = `[SyntaxError: Unexpected token (1:13)]`;

exports[`Operators (async) > Binary Operators > instanceof (Prototype Check) > should throw when the expression is missing an operand 1`] = `[SyntaxError: Unexpected token (1:25)]`;

exports[`Operators (async) > Binary Operators > instanceof (Prototype Check) > should throw when the expression is missing an operand 2`] = `[SyntaxError: Unexpected token (1:13)]`;

exports[`Operators (async) > Logical Operators > && (Logical AND) > should throw when the expression is missing an operand 1`] = `[SyntaxError: Unexpected token (1:17)]`;

exports[`Operators (async) > Logical Operators > ?? (Null coalescing) > should throw when the expression is missing an operand 1`] = `[SyntaxError: Unexpected token (1:17)]`;

exports[`Operators (async) > Logical Operators > || (Logical OR) > should throw when the expression is missing an operand 1`] = `[SyntaxError: Unexpected token (1:17)]`;

exports[`Operators (async) > Unary Operators > Unsupported operators > should throw an error 1`] = `[Error: Unsupported unary operator: delete]`;

exports[`Operators (async) > should throw when the expression contains an invalid operator 1`] = `[SyntaxError: Unexpected token (1:21)]`;

exports[`Operators (async) > should throw when the expression contains an invalid operator 2`] = `[SyntaxError: Unexpected token (1:15)]`;

exports[`Operators > ?: (Conditional/Ternary) > should throw when the expression is missing an operand 1`] = `[SyntaxError: Unexpected token (1:10)]`;

exports[`Operators > Binary Operators > != (Inequality) > should throw when the expression is missing an operand 1`] = `[SyntaxError: Unexpected token (1:11)]`;

exports[`Operators > Binary Operators > !== (Non-identity) > should throw when the expression is missing an operand 1`] = `[SyntaxError: Unexpected token (1:12)]`;

exports[`Operators > Binary Operators > % (Modulo) > should throw when the expression is missing an operand 1`] = `[SyntaxError: Unexpected token (1:10)]`;

exports[`Operators > Binary Operators > & (Bitwise AND) > should throw when the expression is missing an operand 1`] = `[SyntaxError: Unexpected token (1:10)]`;

exports[`Operators > Binary Operators > * (Multiplication) > should throw when the expression is missing an operand 1`] = `[SyntaxError: Unexpected token (1:10)]`;

exports[`Operators > Binary Operators > ** (Exponential) > should throw when the expression is missing an operand 1`] = `[SyntaxError: Unexpected token (1:11)]`;

exports[`Operators > Binary Operators > + (Addition) > should throw when the expression is missing an operand 1`] = `[SyntaxError: Unexpected token (1:10)]`;

exports[`Operators > Binary Operators > ++, -- (Increment, Decrement) > should throw an error 1`] = `[Error: Unsupported node type: UpdateExpression]`;

exports[`Operators > Binary Operators > ++, -- (Increment, Decrement) > should throw an error 2`] = `[Error: Unsupported node type: UpdateExpression]`;

exports[`Operators > Binary Operators > ++, -- (Increment, Decrement) > should throw an error 3`] = `[Error: Unsupported node type: UpdateExpression]`;

exports[`Operators > Binary Operators > ++, -- (Increment, Decrement) > should throw an error 4`] = `[Error: Unsupported node type: UpdateExpression]`;

exports[`Operators > Binary Operators > ++, -- (Increment, Decrement) > should throw when the expression is missing an operand 1`] = `[SyntaxError: Unexpected token (1:9)]`;

exports[`Operators > Binary Operators > ++, -- (Increment, Decrement) > should throw when the expression is missing an operand 2`] = `[SyntaxError: Unexpected token (1:9)]`;

exports[`Operators > Binary Operators > / (Division) > should throw when the expression is missing an operand 1`] = `[SyntaxError: Unexpected token (1:10)]`;

exports[`Operators > Binary Operators > < (Less than) > should throw when the expression is missing an operand 1`] = `[SyntaxError: Unexpected token (1:10)]`;

exports[`Operators > Binary Operators > << (Bitwise Left Shift) > should throw when the expression is missing an operand 1`] = `[SyntaxError: Unexpected token (1:11)]`;

exports[`Operators > Binary Operators > <= (Less than or equal to) > should throw when the expression is missing an operand 1`] = `[SyntaxError: Unexpected token (1:11)]`;

exports[`Operators > Binary Operators > =, +=, -=, ... (Assignment) > should throw an error 1`] = `[Error: Unsupported node type: AssignmentExpression]`;

exports[`Operators > Binary Operators > =, +=, -=, ... (Assignment) > should throw an error 2`] = `[Error: Unsupported node type: AssignmentExpression]`;

exports[`Operators > Binary Operators > =, +=, -=, ... (Assignment) > should throw an error 3`] = `[Error: Unsupported node type: AssignmentExpression]`;

exports[`Operators > Binary Operators > =, +=, -=, ... (Assignment) > should throw an error 4`] = `[Error: Unsupported node type: AssignmentExpression]`;

exports[`Operators > Binary Operators > =, +=, -=, ... (Assignment) > should throw an error 5`] = `[Error: Unsupported node type: AssignmentExpression]`;

exports[`Operators > Binary Operators > =, +=, -=, ... (Assignment) > should throw an error 6`] = `[Error: Unsupported node type: AssignmentExpression]`;

exports[`Operators > Binary Operators > =, +=, -=, ... (Assignment) > should throw an error 7`] = `[Error: Unsupported node type: AssignmentExpression]`;

exports[`Operators > Binary Operators > =, +=, -=, ... (Assignment) > should throw an error 8`] = `[Error: Unsupported node type: AssignmentExpression]`;

exports[`Operators > Binary Operators > =, +=, -=, ... (Assignment) > should throw an error 9`] = `[Error: Unsupported node type: AssignmentExpression]`;

exports[`Operators > Binary Operators > =, +=, -=, ... (Assignment) > should throw an error 10`] = `[Error: Unsupported node type: AssignmentExpression]`;

exports[`Operators > Binary Operators > =, +=, -=, ... (Assignment) > should throw an error 11`] = `[Error: Unsupported node type: AssignmentExpression]`;

exports[`Operators > Binary Operators > =, +=, -=, ... (Assignment) > should throw an error 12`] = `[Error: Unsupported node type: AssignmentExpression]`;

exports[`Operators > Binary Operators > =, +=, -=, ... (Assignment) > should throw an error 13`] = `[Error: Unsupported node type: AssignmentExpression]`;

exports[`Operators > Binary Operators > =, +=, -=, ... (Assignment) > should throw an error 14`] = `[Error: Unsupported node type: AssignmentExpression]`;

exports[`Operators > Binary Operators > =, +=, -=, ... (Assignment) > should throw an error 15`] = `[Error: Unsupported node type: AssignmentExpression]`;

exports[`Operators > Binary Operators > =, +=, -=, ... (Assignment) > should throw an error 16`] = `[Error: Unsupported node type: AssignmentExpression]`;

exports[`Operators > Binary Operators > =, +=, -=, ... (Assignment) > should throw an error 17`] = `[Error: Unsupported node type: UpdateExpression]`;

exports[`Operators > Binary Operators > =, +=, -=, ... (Assignment) > should throw an error 18`] = `[Error: Unsupported node type: UpdateExpression]`;

exports[`Operators > Binary Operators > =, +=, -=, ... (Assignment) > should throw an error 19`] = `[Error: Unsupported node type: UpdateExpression]`;

exports[`Operators > Binary Operators > =, +=, -=, ... (Assignment) > should throw an error 20`] = `[Error: Unsupported node type: UpdateExpression]`;

exports[`Operators > Binary Operators > =, +=, -=, ... (Assignment) > should throw when the expression is missing an operand 1`] = `[SyntaxError: Unexpected token (1:10)]`;

exports[`Operators > Binary Operators > =, +=, -=, ... (Assignment) > should throw when the expression is missing an operand 2`] = `[SyntaxError: Unexpected token (1:11)]`;

exports[`Operators > Binary Operators > =, +=, -=, ... (Assignment) > should throw when the expression is missing an operand 3`] = `[SyntaxError: Unexpected token (1:11)]`;

exports[`Operators > Binary Operators > =, +=, -=, ... (Assignment) > should throw when the expression is missing an operand 4`] = `[SyntaxError: Unexpected token (1:11)]`;

exports[`Operators > Binary Operators > =, +=, -=, ... (Assignment) > should throw when the expression is missing an operand 5`] = `[SyntaxError: Unexpected token (1:11)]`;

exports[`Operators > Binary Operators > =, +=, -=, ... (Assignment) > should throw when the expression is missing an operand 6`] = `[SyntaxError: Unexpected token (1:11)]`;

exports[`Operators > Binary Operators > =, +=, -=, ... (Assignment) > should throw when the expression is missing an operand 7`] = `[SyntaxError: Unexpected token (1:12)]`;

exports[`Operators > Binary Operators > =, +=, -=, ... (Assignment) > should throw when the expression is missing an operand 8`] = `[SyntaxError: Unexpected token (1:12)]`;

exports[`Operators > Binary Operators > =, +=, -=, ... (Assignment) > should throw when the expression is missing an operand 9`] = `[SyntaxError: Unexpected token (1:12)]`;

exports[`Operators > Binary Operators > =, +=, -=, ... (Assignment) > should throw when the expression is missing an operand 10`] = `[SyntaxError: Unexpected token (1:13)]`;

exports[`Operators > Binary Operators > =, +=, -=, ... (Assignment) > should throw when the expression is missing an operand 11`] = `[SyntaxError: Unexpected token (1:11)]`;

exports[`Operators > Binary Operators > =, +=, -=, ... (Assignment) > should throw when the expression is missing an operand 12`] = `[SyntaxError: Unexpected token (1:11)]`;

exports[`Operators > Binary Operators > =, +=, -=, ... (Assignment) > should throw when the expression is missing an operand 13`] = `[SyntaxError: Unexpected token (1:11)]`;

exports[`Operators > Binary Operators > =, +=, -=, ... (Assignment) > should throw when the expression is missing an operand 14`] = `[SyntaxError: Unexpected token (1:12)]`;

exports[`Operators > Binary Operators > =, +=, -=, ... (Assignment) > should throw when the expression is missing an operand 15`] = `[SyntaxError: Unexpected token (1:12)]`;

exports[`Operators > Binary Operators > =, +=, -=, ... (Assignment) > should throw when the expression is missing an operand 16`] = `[SyntaxError: Unexpected token (1:12)]`;

exports[`Operators > Binary Operators > =, +=, -=, ... (Assignment) > should throw when the expression is missing an operand 17`] = `[SyntaxError: Unexpected token (1:9)]`;

exports[`Operators > Binary Operators > =, +=, -=, ... (Assignment) > should throw when the expression is missing an operand 18`] = `[SyntaxError: Unexpected token (1:9)]`;

exports[`Operators > Binary Operators > == (Equality) > should throw when the expression is missing an operand 1`] = `[SyntaxError: Unexpected token (1:11)]`;

exports[`Operators > Binary Operators > === (Identity) > should throw when the expression is missing an operand 1`] = `[SyntaxError: Unexpected token (1:12)]`;

exports[`Operators > Binary Operators > > (Greater than) > should throw when the expression is missing an operand 1`] = `[SyntaxError: Unexpected token (1:10)]`;

exports[`Operators > Binary Operators > >= (Greater than or equal to) > should throw when the expression is missing an operand 1`] = `[SyntaxError: Unexpected token (1:11)]`;

exports[`Operators > Binary Operators > >> (Bitwise Right Shift) > should throw when the expression is missing an operand 1`] = `[SyntaxError: Unexpected token (1:11)]`;

exports[`Operators > Binary Operators > >>> (Bitwise Unsigned Right Shift) > should throw when the expression is missing an operand 1`] = `[SyntaxError: Unexpected token (1:12)]`;

exports[`Operators > Binary Operators > ^ (Bitwise XOR) > should throw when the expression is missing an operand 1`] = `[SyntaxError: Unexpected token (1:10)]`;

exports[`Operators > Binary Operators > | (Bitwise OR) > should throw when the expression is missing an operand 1`] = `[SyntaxError: Unexpected token (1:10)]`;

exports[`Operators > Binary Operators > - (Subtraction) > should throw when the expression is missing an operand 1`] = `[SyntaxError: Unexpected token (1:10)]`;

exports[`Operators > Binary Operators > in (Property Membership) > should throw when the expression is missing an operand 1`] = `[SyntaxError: Unexpected token (1:11)]`;

exports[`Operators > Binary Operators > in (Property Membership) > should throw when the expression is missing an operand 2`] = `[SyntaxError: Unexpected token (1:7)]`;

exports[`Operators > Binary Operators > instanceof (Prototype Check) > should throw when the expression is missing an operand 1`] = `[SyntaxError: Unexpected token (1:19)]`;

exports[`Operators > Binary Operators > instanceof (Prototype Check) > should throw when the expression is missing an operand 2`] = `[SyntaxError: Unexpected token (1:7)]`;

exports[`Operators > Logical Operators > && (Logical AND) > should throw when the expression is missing an operand 1`] = `[SyntaxError: Unexpected token (1:11)]`;

exports[`Operators > Logical Operators > ?? (Null coalescing) > should throw when the expression is missing an operand 1`] = `[SyntaxError: Unexpected token (1:11)]`;

exports[`Operators > Logical Operators > || (Logical OR) > should throw when the expression is missing an operand 1`] = `[SyntaxError: Unexpected token (1:11)]`;

exports[`Operators > Unary Operators > Unsupported operators > should throw an error 1`] = `[Error: Unsupported unary operator: delete]`;

exports[`Operators > should throw when the expression contains an invalid operator 1`] = `[SyntaxError: Unexpected token (1:15)]`;

exports[`Operators > should throw when the expression contains an invalid operator 2`] = `[SyntaxError: Unexpected token (1:9)]`;
