// Vitest Snapshot v1, https://vitest.dev/guide/snapshot.html

exports[`Rules (async) > Rule parsing > should throw an error if a rule's path is not a string or string array 1`] = `[Error: Path must be a string or an array of strings and/or symbols, got boolean]`;

exports[`Rules (async) > Rule parsing > should throw an error if a rule's path part is not a string or a symbol 1`] = `[Error: Path part must be a string or a symbol, got boolean]`;

exports[`Rules > Rule parsing > should throw an error if a rule's path is not a string or string array 1`] = `[Error: Path must be a string or an array of strings and/or symbols, got boolean]`;

exports[`Rules > Rule parsing > should throw an error if a rule's path part is not a string or a symbol 1`] = `[Error: Path part must be a string or a symbol, got boolean]`;
