// Jest Snapshot v1, https://goo.gl/fbAQLP

exports[`Evaluator Binary expressions should throw when given an invalid operator 1`] = `"Unsupported binary operator: invalid"`;

exports[`Evaluator Logical expressions should throw when given a logical expression with an invalid operator 1`] = `"Unsupported logical operator: invalid"`;

exports[`Evaluator Object expressions should throw when given an invalid property type 1`] = `"Unsupported property type: Identifier"`;

exports[`Evaluator Parsing should throw an error if the expression is invalid 1`] = `"Unexpected token (1:10)"`;

exports[`Evaluator Unary expressions should throw when given an invalid operator 1`] = `"Unsupported unary operator: invalid"`;
